// Jest Snapshot v1, https://goo.gl/fbAQLP

exports[`App component renders a App 1`] = `
<ColorButtons
  colors={
    Array [
      "red",
      "yellow",
      "blue",
    ]
  }
/>
`;
